  ✗ [403] se VOLVO        https://www.volvocars.com/se/build/ex40-electric/ (0.4s)
  ✗ [403] se TESLA        https://www.tesla.com/sv_se/modely (0.4s)
  ✓ [200] se KIA          https://www.kia.com/se/nya-bilar/ev3/premiere (2.0s)
  ✗ [403] se VOLVO        https://www.volvocars.com/se/build/ex30-electric/ (0.3s)
  ✓ [200] se SKODA        https://www.skoda.se/modeller/kodiaq (1.6s)
  ✓ [200] se TOYOTA       https://www.toyota.se/new-cars/rav4 (2.3s)
  ✓ [200] se POLESTAR     https://www.polestar.com/se/polestar-4/ (0.5s)
  ✓ [200] se VOLKSWAGEN   https://www.volkswagen.se/sv/modeller/tiguan.html (0.4s)
  ✓ [200] se VOLKSWAGEN   https://www.volkswagen.se/sv/modeller/id4.html (0.4s)
  ✓ [200] se TOYOTA       https://www.toyota.se/new-cars/yaris-cross (1.0s)
  ✓ [200] se VOLKSWAGEN   https://www.volkswagen.se/sv/modeller/t-roc.html (0.3s)
  ✓ [200] se KIA          https://www.kia.com/se/nya-bilar/sportage/upptack/ (0.4s)
  ✓ [200] se SKODA        https://www.skoda.se/modeller/enyaq (1.6s)
  ✗ [404] se PEUGEOT      https://www.peugeot.se/modeller/suv-3008.html (0.6s)
  ✓ [200] se TOYOTA       https://www.toyota.se/new-cars/corolla-cross (1.5s)
  ✗ [404] se PEUGEOT      https://www.peugeot.se/modeller/suv-2008.html (0.5s)
  ✓ [200] se TOYOTA       https://www.toyota.se/new-cars/c-hr (0.7s)
  ✗ [403] se VOLVO        https://www.volvocars.com/se/build/ec40-electric/ (0.3s)
  ✗ [404] se CUPRA        https://www.cupraofficial.se/modeller/terramar (0.8s)
  ✓ [200] se KIA          https://www.kia.com/se/nya-bilar/ev9/ (0.9s)
  ✗ [404] se PEUGEOT      https://www.peugeot.se/modeller/suv-5008.html (0.8s)
  ✓ [200] se VOLKSWAGEN   https://www.volkswagen.se/sv/modeller/tayron.html (0.4s)
  ✗ [403] se VOLVO        https://www.volvocars.com/se/build/xc40/ (0.4s)
  ✓ [200] se KIA          https://www.kia.com/se/nya-bilar/ev6/upptack/ (0.4s)
  ✗ [403] se VOLVO        https://www.volvocars.com/se/build/xc90-hybrid/ (0.4s)
  ✗ [ -1] se BMW          https://www.bmw.se/sv/alla-modeller/ix1.html (15.2s)
  ✗ [ -1] se MERCEDES     https://www.mercedes-benz.se/passengercars/models/suv/eqa/overview.html (15.2s)
  ✓ [200] se AUDI         https://www.audi.se/se/web/sv/models/q4-e-tron.html (1.0s)
  ✗ [403] se VOLVO        https://www.volvocars.com/se/build/ex90-electric/ (0.4s)
  ✗ [404] hr VOLKSWAGEN   https://www.volkswagen.hr/hr/modeli/t-cross.html (0.6s)
  ✗ [404] hr OPEL         https://www.opel.hr/modeli/mokka.html (0.6s)
  ✓ [200] hr SUZUKI       https://auto.suzuki.hr/cars/vitara-hybrid (0.5s)
  ✗ [404] hr RENAULT      https://www.renault.hr/vozila/captur.html (0.8s)
  ✗ [404] hr DACIA        https://www.dacia.hr/vozila/duster.html (1.1s)
  ✗ [404] hr SKODA        https://www.skoda.hr/modeli/kamiq (0.9s)
  ✗ [404] hr VOLKSWAGEN   https://www.volkswagen.hr/hr/modeli/tiguan.html (0.7s)
  ✓ [200] hr SUZUKI       https://auto.suzuki.hr/cars/scross-hybrid (0.6s)
  ✗ [404] hr HYUNDAI      https://www.hyundai.hr/automobili/tucson/ (1.1s)
  ✗ [404] hr SKODA        https://www.skoda.hr/modeli/kodiaq (1.0s)
  ✗ [403] hr KIA          https://www.kia.hr/modeli/stonic/ (0.3s)
  ✗ [404] hr TOYOTA       https://www.toyota.hr/novi-automobili/yaris-cross (1.0s)
  ✗ [404] hr VOLKSWAGEN   https://www.volkswagen.hr/hr/modeli/t-roc.html (0.8s)
  ✗ [404] hr VOLKSWAGEN   https://www.volkswagen.hr/hr/modeli/taigo.html (0.5s)
  ✗ [403] hr KIA          https://www.kia.hr/modeli/sportage/ (0.3s)
  ✗ [404] hr SKODA        https://www.skoda.hr/modeli/karoq (0.9s)
  ✗ [404] hr TOYOTA       https://www.toyota.hr/novi-automobili/c-hr (1.1s)
  ✗ [404] hr VOLKSWAGEN   https://www.volkswagen.hr/hr/modeli/tayron.html (0.9s)
  ✓ [200] hr NISSAN       https://www.nissan.hr/vozila/nova-vozila/qashqai.html (1.5s)
  ✗ [404] hr MAZDA        https://www.mazda.hr/modeli/mazda-cx-30.html (2.7s)
  ✗ [  0] hr GEELY        https://www.geely-auto.hr/coolray (0.5s)
  ✗ [404] hr MG           https://www.mgmotor.hr/model/mg-zs (2.4s)
  ✗ [404] hr CUPRA        https://www.cupraofficial.hr/modeli/terramar (0.8s)
  ✗ [404] hr FORD         https://www.ford.hr/automobili/kuga (3.6s)
  ✗ [404] hr PEUGEOT      https://www.peugeot.hr/modeli/suv-2008.html (0.5s)
  ✗ [ -1] hr BMW          https://www.bmw.hr/hr/models/x/x1.html (15.2s)
  ✗ [404] hr AUDI         https://www.audi.hr/hr/web/hr/models/q3.html (1.0s)
  ✗ [404] hr TOYOTA       https://www.toyota.hr/novi-automobili/rav4 (0.9s)
  ✗ [403] hr KIA          https://www.kia.hr/modeli/xceed/ (0.4s)
  ✗ [404] hr OPEL         https://www.opel.hr/modeli/frontera.html (0.5s)
  ✓ [200] hu SUZUKI       https://auto.suzuki.hu/cars/s-cross (2.2s)
  ✓ [200] hu SUZUKI       https://auto.suzuki.hu/cars/vitara (2.4s)
  ✗ [404] hu NISSAN       https://www.nissan.hu/jarmuvek/uj-jarmuvek/qashqai.html (1.2s)
  ✓ [200] hu TOYOTA       https://www.toyota.hu/new-cars/yaris-cross (2.0s)
  ✗ [404] hu DACIA        https://www.dacia.hu/modelljeink/duster.html (0.6s)
  ✓ [200] hu TOYOTA       https://www.toyota.hu/new-cars/c-hr (1.9s)
  ✗ [404] hu KIA          https://www.kia.com/hu/modellek/sportage/ (0.5s)
  ✓ [200] hu HYUNDAI      https://hyundai.hu/modellek/tucson-hybrid-facelift/ (1.2s)
  ✓ [200] hu TOYOTA       https://www.toyota.hu/new-cars/corolla-cross (0.7s)
  ✗ [ -1] hu FORD         https://www.ford.hu/suvs-crossovers/kuga (15.2s)
  ✗ [ -1] hu FORD         https://www.ford.hu/suvs-crossovers/puma (15.2s)
  ✗ [404] hu VOLKSWAGEN   https://www.volkswagen.hu/hu/modellek/t-roc.html (0.5s)
  ✗ [404] hu SKODA        https://www.skoda.hu/modelle/kodiaq (0.7s)
  ✗ [404] hu MG           https://www.mgmotor.hu/model/mg-zs (2.5s)
  ✗ [403] hu TESLA        https://www.tesla.com/hu_hu/modely (0.3s)
  ✗ [404] hu VOLKSWAGEN   https://www.volkswagen.hu/hu/modellek/tiguan.html (0.9s)
  ✓ [200] hu TOYOTA       https://www.toyota.hu/new-cars/rav4 (1.6s)
  ✗ [404] hu NISSAN       https://www.nissan.hu/jarmuvek/uj-jarmuvek/x-trail.html (3.3s)
  ✗ [404] hu RENAULT      https://www.renault.hu/modellvalasztek/captur.html (0.8s)
  ✗ [  0] hu KGM          https://www.kgmmotors.hu/korando (0.2s)
  ✗ [403] hu VOLVO        https://www.volvocars.com/hu/build/xc60/ (0.3s)
  ✗ [404] hu PEUGEOT      https://www.peugeot.hu/modelljeink/3008-suv.html (0.5s)
  ✗ [  0] hu JAECOO       https://www.jaecoo.com/hu/models/j7 (0.6s)
  ✗ [ -1] hu BMW          https://www.bmw.hu/hu/modellek/x-sorozat/x5.html (15.2s)
  ✗ [  0] hu OMODA        https://www.omoda.com/hu/models/omoda-5 (0.2s)
  ✗ [403] hu VOLVO        https://www.volvocars.com/hu/build/xc40/ (0.3s)
  ✗ [404] hu OPEL         https://www.opel.hu/modellek/frontera.html (0.5s)
  ✗ [404] hu PEUGEOT      https://www.peugeot.hu/modelljeink/2008-suv.html (0.5s)
  ✓ [200] hu TOYOTA       https://www.toyota.hu/new-cars/aygo-x (0.7s)
  ✗ [404] hu DACIA        https://www.dacia.hu/modelljeink/bigster.html (0.8s)
  ✗ [403] no TESLA        https://www.tesla.com/no_NO/modely (0.4s)
  ✗ [404] no VOLKSWAGEN   https://www.volkswagen.no/no/modeller/id4.html (0.4s)
  ✓ [200] no TOYOTA       https://www.toyota.no/nybil/bz4x (0.8s)
  ✗ [403] no VOLVO        https://www.volvocars.com/no/build/ex40-electric/ (0.3s)
  ✗ [403] no VOLVO        https://www.volvocars.com/no/build/ex30-electric/ (0.4s)
  ✓ [200] no SKODA        https://www.skoda.no/modeller/enyaq (0.9s)
  ✗ [404] no BYD          https://www.byd.com/no/car/seal-ion-7 (2.4s)
  ✓ [200] no NISSAN       https://www.nissan.no/biler/nye-biler/ariya.html (1.2s)
  ✗ [ -1] no FORD         https://www.ford.no/elektrisk/explorer (15.2s)
  ✓ [200] no SKODA        https://www.skoda.no/modeller/elroq (1.3s)
  ✗ [ -1] no BMW          https://www.bmw.no/no/alle-modeller/ix1.html (15.3s)
  ✓ [200] no XPENG        https://www.xpeng.com/no/g6 (1.6s)
  ✗ [404] no AUDI         https://www.audi.no/no/web/no/modeller/q6-e-tron.html (1.4s)
  ✗ [404] no AUDI         https://www.audi.no/no/web/no/modeller/q4-e-tron.html (0.8s)
  ✗ [404] no KIA          https://www.kia.com/no/modeller/ev3/ (1.1s)
  ✗ [404] no HYUNDAI      https://www.hyundai.com/no/no/modeller/ioniq-5.html (0.7s)
  ✓ [200] no POLESTAR     https://www.polestar.com/no/polestar-4/ (0.7s)
  ✗ [404] no HYUNDAI      https://www.hyundai.com/no/no/modeller/kona-electric.html (1.8s)
  ✗ [403] no VOLVO        https://www.volvocars.com/no/build/ex90-electric/ (0.3s)
  ✓ [200] no MERCEDES     https://www.mercedes-benz.no/passengercars/models/suv/eqb/overview.html (2.6s)
  ✓ [200] no MERCEDES     https://www.mercedes-benz.no/passengercars/models/suv/eqa/overview.html (2.2s)
  ✗ [ -1] no BMW          https://www.bmw.no/no/alle-modeller/ix.html (15.3s)
  ✗ [  0] no MG           https://www.mgmotor.no/modeller/mg-s5 (0.6s)
  ✗ [ -1] no FORD         https://www.ford.no/elektrisk/capri (15.4s)
  ✓ [200] no XPENG        https://www.xpeng.com/no/g9 (1.4s)
  ✓ [200] no TOYOTA       https://www.toyota.no/nybil/yaris-cross (1.6s)
  ✓ [200] no PORSCHE      https://www.porsche.com/norway/models/macan/ (0.7s)
  ✗ [404] no PEUGEOT      https://www.peugeot.no/modeller/suv-5008.html (0.5s)
  ✗ [ -1] no BMW          https://www.bmw.no/no/alle-modeller/ix2.html (15.2s)
  ✓ [200] no POLESTAR     https://www.polestar.com/no/polestar-3/ (1.0s)
  ✗ [403] at TESLA        https://www.tesla.com/de_at/modely (0.3s)
  ✓ [200] at VOLKSWAGEN   https://www.volkswagen.at/modelle/tiguan (0.7s)
  ✗ [404] at SKODA        https://www.skoda.at/modelle/karoq (0.6s)
  ✗ [404] at DACIA        https://www.dacia.at/modelle/bigster.html (0.7s)
  ✗ [404] at DACIA        https://www.dacia.at/modelle/duster.html (0.5s)
  ✗ [404] at SKODA        https://www.skoda.at/modelle/elroq (0.6s)
  ✗ [  0] at MG           https://www.mgmotor.at/modelle/mg-zs (0.4s)
  ✗ [404] at HYUNDAI      https://www.hyundai.com/at/de/modelle/tucson.html (0.7s)
  ✗ [404] at CUPRA        https://www.cupraofficial.at/modelle/terramar (0.6s)
  ✗ [404] at VOLKSWAGEN   https://www.volkswagen.at/modelle/t-cross (0.5s)
  ✓ [200] at MAZDA        https://www.mazda.at/modelle/mazda-cx-30/ (2.4s)
  ✗ [ -1] at BMW          https://www.bmw.at/de/modelle/x-modelle/x1.html (15.2s)
  ✗ [404] at VOLKSWAGEN   https://www.volkswagen.at/modelle/t-roc (0.6s)
  ✓ [200] at TOYOTA       https://www.toyota.at/new-cars/yaris-cross (1.2s)
  ✗ [404] at BYD          https://www.byd.com/at/car/seal-u (2.0s)
  ✗ [404] at SKODA        https://www.skoda.at/modelle/enyaq (0.7s)
  ✗ [404] at SKODA        https://www.skoda.at/modelle/kodiaq (0.7s)
  ✗ [404] at SEAT         https://www.seat.at/modelle/arona (0.9s)
  ✗ [ -1] at BMW          https://www.bmw.at/de/modelle/x-modelle/ix1.html (15.2s)
  ✗ [404] at SKODA        https://www.skoda.at/modelle/kamiq (1.0s)
  ✗ [ -1] at BMW          https://www.bmw.at/de/modelle/x-modelle/x3.html (15.2s)
  ✗ [404] at BYD          https://www.byd.com/at/car/seal-ion-7 (2.0s)
  ✗ [404] at HYUNDAI      https://www.hyundai.com/at/de/modelle/kona.html (0.6s)
  ✗ [404] at CUPRA        https://www.cupraofficial.at/modelle/formentor (0.7s)
  ✗ [404] at AUDI         https://www.audi.at/modelle/q8 (0.8s)
  ✗ [ -1] at MERCEDES     https://www.mercedes-benz.at/passengercars/models/suv/glc/overview.html (15.5s)
  ✗ [404] at SEAT         https://www.seat.at/modelle/ateca (0.7s)
  ✗ [404] at PEUGEOT      https://www.peugeot.at/modelle/suv-3008.html (0.5s)
  ✗ [404] at VOLKSWAGEN   https://www.volkswagen.at/modelle/id4 (1.1s)
  ✗ [ -1] at FORD         https://www.ford.at/suvs-crossovers/puma (15.2s)
  ✓ [200] cz SKODA        https://www.skoda-auto.cz/modely/kamiq (0.8s)
  ✗ [404] cz SKODA        https://www.skoda-auto.cz/modely/karoq (0.8s)
  ✗ [404] cz SKODA        https://www.skoda-auto.cz/modely/kodiaq (0.9s)
  ✓ [200] cz HYUNDAI      https://www.hyundai.cz/modely/tucson (2.3s)
  ✗ [404] cz DACIA        https://www.dacia.cz/modely/duster.html (0.7s)
  ✗ [  0] cz MG           https://www.mgmotor.cz/modely/mg-zs (0.2s)
  ✗ [404] cz SKODA        https://www.skoda-auto.cz/modely/elroq (0.9s)
  ✓ [200] cz TOYOTA       https://www.toyota.cz/new-cars/rav4 (2.3s)
  ✗ [404] cz DACIA        https://www.dacia.cz/modely/bigster.html (0.6s)
  ✓ [200] cz VOLKSWAGEN   https://www.volkswagen.cz/modely/tiguan (0.6s)
  ✓ [200] cz KIA          https://www.kia.com/cz/modely/sportage/ (0.9s)
  ✗ [404] cz RENAULT      https://www.renault.cz/vozidla/captur.html (0.5s)
  ✗ [404] cz TOYOTA       https://www.toyota.cz/new-cars/c-hr (1.0s)
  ✗ [404] cz SKODA        https://www.skoda-auto.cz/modely/enyaq (0.7s)
  ✗ [ -1] cz FORD         https://www.ford.cz/suvs-crossovers/kuga (15.2s)
  ✗ [404] cz TOYOTA       https://www.toyota.cz/new-cars/yaris-cross (0.8s)
  ✗ [404] cz PEUGEOT      https://www.peugeot.cz/modely/suv-2008.html (0.5s)
  ✓ [200] cz SUZUKI       https://www.suzuki.cz/automobily/s-cross (2.7s)
  ✗ [  0] cz KGM          https://www.kgm-motors.cz/modely/korando (0.2s)
  ✗ [ -1] cz FORD         https://www.ford.cz/suvs-crossovers/puma (15.2s)
  ✗ [403] cz TESLA        https://www.tesla.com/cs_cz/modely (0.4s)
  ✗ [404] cz CUPRA        https://www.cupraofficial.cz/modely/formentor (0.7s)
  ✓ [200] cz HYUNDAI      https://www.hyundai.cz/modely/kona (1.7s)
  ✗ [404] cz VOLKSWAGEN   https://www.volkswagen.cz/modely/tayron (0.6s)
  ✗ [  0] cz JAECOO       https://www.jaecoo.cz/j7 (0.2s)
  ✗ [404] cz NISSAN       https://www.nissan.cz/vozidla/nove-vozy/qashqai.html (3.0s)
  ✗ [403] cz VOLVO        https://www.volvocars.com/cz/cars/xc90/ (0.3s)
  ✗ [403] cz VOLVO        https://www.volvocars.com/cz/cars/xc60/ (0.3s)
  ✗ [404] cz KIA          https://www.kia.com/cz/modely/stonic/ (3.8s)
  ✓ [200] cz SUZUKI       https://www.suzuki.cz/automobily/vitara (2.7s)
  ✓ [200] ch VOLKSWAGEN   https://www.volkswagen.ch/de/modelle/tiguan.html (0.3s)
  ✗ [403] ch TESLA        https://www.tesla.com/de_ch/modely (0.4s)
  ✗ [404] ch SKODA        https://www.skoda.ch/modelle/kodiaq (0.5s)
  ✗ [404] ch SKODA        https://www.skoda.ch/modelle/elroq (0.5s)
  ✗ [ -1] ch MERCEDES     https://www.mercedes-benz.ch/de/passengercars/models/suv/glc/overview.html (15.2s)
  ✗ [ -1] ch BMW          https://www.bmw.ch/de/modelle/x-modelle/x1.html (15.2s)
  ✗ [404] ch SKODA        https://www.skoda.ch/modelle/karoq (0.9s)
  ✗ [ -1] ch BMW          https://www.bmw.ch/de/modelle/x-modelle/x3.html (15.2s)
  ✗ [404] ch SKODA        https://www.skoda.ch/modelle/enyaq (0.6s)
  ✗ [403] ch VOLVO        https://www.volvocars.com/ch/cars/xc60/ (0.4s)
  ✓ [200] ch DACIA        https://www.dacia.ch/modelle/duster.html (0.9s)
  ✗ [403] ch VOLVO        https://www.volvocars.com/ch/cars/ex30/ (0.3s)
  ✓ [200] ch KIA          https://www.kia.com/ch/de/modelle/sportage/ (2.8s)
  ✓ [200] ch CUPRA        https://www.cupraofficial.ch/de/modelle/terramar (0.6s)
  ✗ [ -1] ch MERCEDES     https://www.mercedes-benz.ch/de/passengercars/models/suv/gla/overview.html (15.2s)
  ✓ [200] ch HYUNDAI      https://www.hyundai.com/ch/de/modelle/tucson.html (1.9s)
  ✗ [404] ch AUDI         https://www.audi.ch/de/modelle/q3-sportback.html (0.6s)
  ✗ [ -1] ch BMW          https://www.bmw.ch/de/modelle/x-modelle/x5.html (15.2s)
  ✓ [200] ch DACIA        https://www.dacia.ch/modelle/bigster.html (0.8s)
  ✓ [200] ch TOYOTA       https://www.toyota.ch/new-cars/yaris-cross (1.9s)
  ✓ [200] ch VOLKSWAGEN   https://www.volkswagen.ch/de/modelle/t-roc.html (1.0s)
  ✗ [404] ch AUDI         https://www.audi.ch/de/modelle/q5.html (0.6s)
  ✗ [404] ch AUDI         https://www.audi.ch/de/modelle/q4-e-tron.html (0.3s)
  ✗ [ -1] ch BMW          https://www.bmw.ch/de/modelle/x-modelle/ix1.html (15.2s)
  ✗ [404] ch AUDI         https://www.audi.ch/de/modelle/q3.html (0.5s)
  ✗ [ -1] ch MERCEDES     https://www.mercedes-benz.ch/de/passengercars/models/suv/gle/overview.html (15.7s)
  ✓ [200] ch HYUNDAI      https://www.hyundai.com/ch/de/modelle/kona.html (0.3s)
  ✓ [200] ch VOLKSWAGEN   https://www.volkswagen.ch/de/modelle/tayron.html (0.5s)
  ✓ [200] ch CUPRA        https://www.cupraofficial.ch/de/modelle/formentor (0.5s)
  ✓ [200] ch TOYOTA       https://www.toyota.ch/new-cars/rav4 (2.3s)

============================================================
 Country    OK   404   403  Other  Total
      se    16     4     7      2     29
      hr     3    22     3      2     30
      hu     8    13     3      6     30
      no    12     8     4      6     30
      at     3    20     1      6     30
      cz     8    14     3      5     30
      ch    12     8     3      7     30
